version: 2
models:
- name: customers
  description: " A test description with\n- some - formatting "
  columns:
  - name: customer_id
    description: ''
  - name: created_at
    description: ''
