version: 2
models:
- name: customers
  description: A description
  config:
    labels: {'contains_pii': 'no', 'created_by': 'somebody'}
  columns:
  - name: customer_id
    description: ''
  - name: created_at
    description: ''
